// 重构日志: b83dd286
// 重构日志: a3e0631f
// 重构日志: 71fa372d
// 同步 ID: 83a60123 @ Fri Jul 17 00:16:44 UTC 2026
// 重构日志: f4e71991
// 重构日志: 8cac3d80
// 同步 ID: 09c6014d @ Wed Jul 22 16:48:25 UTC 2026
// 重构日志: e5b48360
// 重构日志: 31303cfb
// 同步 ID: 499aee83 @ Fri Jul 24 09:50:16 UTC 2026
// 重构日志: 1d24dbe3
// 重构日志: da34cb3e
// 重构日志: b3581f10
// 重构日志: 7eab472d
// 重构日志: 73e61864
// 重构日志: 915d6ed0
// 同步 ID: 8033c70c @ Sat Aug  1 09:32:17 UTC 2026
// 重构日志: 386a8d21
// 同步 ID: 6cecf6da @ Mon Aug  3 09:00:24 UTC 2026
// 同步 ID: 0c66606d @ Fri Aug  7 14:48:34 UTC 2026
